Monitoring autonomous research prediction system...
PID: 532829
Log file: /home/erick/predictor/autonomous_research/prediction_run.log
Started: Sat Jan 10 00:28:26 EST 2026
----------------------------------------
[Sat Jan 10 00:28:26 EST 2026] Process is running
Latest log entries:
2026-01-10 00:26:59,273 - INFO - Generating candidate 2/3 for future_ai in January 2025
2026-01-10 00:27:22,653 - INFO - Generating candidate 3/3 for future_ai in January 2025
2026-01-10 00:27:58,164 - INFO - Generating prediction for geopolitics in January 2025
2026-01-10 00:27:58,164 - INFO - Generating candidate 1/3 for geopolitics in January 2025
2026-01-10 00:28:18,078 - INFO - Generating candidate 2/3 for geopolitics in January 2025
----------------------------------------
[Sat Jan 10 00:33:26 EST 2026] Process is running
Latest log entries:
2026-01-10 00:32:27,233 - INFO - Generating prediction for ai_global_comparison in January 2025
2026-01-10 00:32:27,233 - INFO - Generating candidate 1/3 for ai_global_comparison in January 2025
2026-01-10 00:32:47,390 - WARNING - Candidate 1 generation failed for ai_global_comparison in January 2025
2026-01-10 00:32:49,393 - INFO - Generating candidate 2/3 for ai_global_comparison in January 2025
2026-01-10 00:33:13,349 - INFO - Generating candidate 3/3 for ai_global_comparison in January 2025
----------------------------------------
[Sat Jan 10 00:38:26 EST 2026] Process is running
Latest log entries:
2026-01-10 00:37:01,596 - INFO - Generating candidate 1/3 for free_speech in January 2025
2026-01-10 00:37:17,832 - INFO - Generating candidate 2/3 for free_speech in January 2025
2026-01-10 00:37:40,329 - INFO - Generating candidate 3/3 for free_speech in January 2025
2026-01-10 00:38:18,952 - INFO - Generating prediction for activist_movements in January 2025
2026-01-10 00:38:18,953 - INFO - Generating candidate 1/3 for activist_movements in January 2025
----------------------------------------
[Sat Jan 10 00:43:26 EST 2026] Process is running
Latest log entries:
2026-01-10 00:41:19,467 - INFO - Generating candidate 1/3 for geopolitical_rights in January 2025
2026-01-10 00:41:42,829 - INFO - Generating candidate 2/3 for geopolitical_rights in January 2025
2026-01-10 00:42:23,410 - INFO - Generating candidate 3/3 for geopolitical_rights in January 2025
2026-01-10 00:43:10,257 - INFO - Generating prediction for misc_topics in January 2025
2026-01-10 00:43:10,257 - INFO - Generating candidate 1/3 for misc_topics in January 2025
----------------------------------------
[Sat Jan 10 00:48:26 EST 2026] Process is running
Latest log entries:
2026-01-10 00:46:38,715 - INFO - Generating candidate 3/3 for quantum_computing in January 2025
2026-01-10 00:47:17,908 - INFO - Generating prediction for spiritual_movements in January 2025
2026-01-10 00:47:17,908 - INFO - Generating candidate 1/3 for spiritual_movements in January 2025
2026-01-10 00:47:35,138 - INFO - Generating candidate 2/3 for spiritual_movements in January 2025
2026-01-10 00:47:54,565 - INFO - Generating candidate 3/3 for spiritual_movements in January 2025
----------------------------------------
[Sat Jan 10 00:53:26 EST 2026] Process is running
Latest log entries:
2026-01-10 00:51:48,581 - INFO - Generating candidate 2/3 for trump_maga in January 2025
2026-01-10 00:52:13,633 - INFO - Generating candidate 3/3 for trump_maga in January 2025
2026-01-10 00:52:55,634 - INFO - Generating prediction for ai_jobs in January 2025
2026-01-10 00:52:55,634 - INFO - Generating candidate 1/3 for ai_jobs in January 2025
2026-01-10 00:53:16,827 - INFO - Generating candidate 2/3 for ai_jobs in January 2025
----------------------------------------
[Sat Jan 10 00:58:27 EST 2026] Process is running
Latest log entries:
2026-01-10 00:56:42,078 - INFO - Generating candidate 1/3 for capitalism in January 2025
2026-01-10 00:57:08,037 - INFO - Generating candidate 2/3 for capitalism in January 2025
2026-01-10 00:57:27,519 - INFO - Generating candidate 3/3 for capitalism in January 2025
2026-01-10 00:58:11,869 - INFO - Generating prediction for free_speech in January 2025
2026-01-10 00:58:11,869 - INFO - Generating candidate 1/3 for free_speech in January 2025
----------------------------------------
[Sat Jan 10 01:03:27 EST 2026] Process is running
Latest log entries:
2026-01-10 01:02:03,658 - INFO - Generating prediction for geopolitical_rights in January 2025
2026-01-10 01:02:03,659 - INFO - Generating candidate 1/3 for geopolitical_rights in January 2025
2026-01-10 01:02:25,824 - WARNING - Candidate 1 generation failed for geopolitical_rights in January 2025
2026-01-10 01:02:27,826 - INFO - Generating candidate 2/3 for geopolitical_rights in January 2025
2026-01-10 01:02:52,998 - INFO - Generating candidate 3/3 for geopolitical_rights in January 2025
----------------------------------------
[Sat Jan 10 01:08:27 EST 2026] Process is running
Latest log entries:
2026-01-10 01:06:51,217 - INFO - Generating candidate 3/3 for quantum_computing in March 2025
2026-01-10 01:07:45,601 - INFO - Generating prediction for spiritual_movements in March 2025
2026-01-10 01:07:45,601 - INFO - Generating candidate 1/3 for spiritual_movements in March 2025
2026-01-10 01:08:04,990 - INFO - Generating candidate 2/3 for spiritual_movements in March 2025
2026-01-10 01:08:23,064 - INFO - Generating candidate 3/3 for spiritual_movements in March 2025
----------------------------------------
[Sat Jan 10 01:13:27 EST 2026] Process is running
Latest log entries:
2026-01-10 01:11:59,399 - INFO - Generating candidate 2/3 for trump_maga in March 2025
2026-01-10 01:12:19,456 - INFO - Generating candidate 3/3 for trump_maga in March 2025
2026-01-10 01:12:56,399 - INFO - Generating prediction for ai_jobs in March 2025
2026-01-10 01:12:56,399 - INFO - Generating candidate 1/3 for ai_jobs in March 2025
2026-01-10 01:13:14,250 - INFO - Generating candidate 2/3 for ai_jobs in March 2025
----------------------------------------
[Sat Jan 10 01:18:27 EST 2026] Process is running
Latest log entries:
2026-01-10 01:17:19,602 - INFO - Generating candidate 3/3 for capitalism in March 2025
2026-01-10 01:17:36,667 - WARNING - Candidate 3 generation failed for capitalism in March 2025
2026-01-10 01:17:55,712 - INFO - Generating prediction for free_speech in March 2025
2026-01-10 01:17:55,712 - INFO - Generating candidate 1/3 for free_speech in March 2025
2026-01-10 01:18:13,526 - INFO - Generating candidate 2/3 for free_speech in March 2025
----------------------------------------
[Sat Jan 10 01:23:27 EST 2026] Process is running
Latest log entries:
2026-01-10 01:21:48,867 - INFO - Generating candidate 1/3 for geopolitical_rights in March 2025
2026-01-10 01:22:12,219 - INFO - Generating candidate 2/3 for geopolitical_rights in March 2025
2026-01-10 01:22:34,099 - INFO - Generating candidate 3/3 for geopolitical_rights in March 2025
2026-01-10 01:23:18,470 - INFO - Generating prediction for misc_topics in March 2025
2026-01-10 01:23:18,471 - INFO - Generating candidate 1/3 for misc_topics in March 2025
----------------------------------------
[Sat Jan 10 01:28:27 EST 2026] Process is running
Latest log entries:
2026-01-10 01:27:11,145 - WARNING - Candidate 3 generation failed for quantum_computing in April 2025
2026-01-10 01:27:32,890 - INFO - Generating prediction for spiritual_movements in April 2025
2026-01-10 01:27:32,890 - INFO - Generating candidate 1/3 for spiritual_movements in April 2025
2026-01-10 01:27:57,169 - INFO - Generating candidate 2/3 for spiritual_movements in April 2025
2026-01-10 01:28:15,588 - INFO - Generating candidate 3/3 for spiritual_movements in April 2025
----------------------------------------
[Sat Jan 10 01:33:27 EST 2026] Process has stopped!
Last 10 log entries:
2026-01-10 01:26:28,004 - INFO - Generating candidate 2/3 for quantum_computing in April 2025
2026-01-10 01:26:47,199 - INFO - Generating candidate 3/3 for quantum_computing in April 2025
2026-01-10 01:27:11,145 - WARNING - Candidate 3 generation failed for quantum_computing in April 2025
2026-01-10 01:27:32,890 - INFO - Generating prediction for spiritual_movements in April 2025
2026-01-10 01:27:32,890 - INFO - Generating candidate 1/3 for spiritual_movements in April 2025
2026-01-10 01:27:57,169 - INFO - Generating candidate 2/3 for spiritual_movements in April 2025
2026-01-10 01:28:15,588 - INFO - Generating candidate 3/3 for spiritual_movements in April 2025
2026-01-10 01:28:40,731 - WARNING - Candidate 3 generation failed for spiritual_movements in April 2025
2026-01-10 01:28:56,160 - INFO - Generating prediction for future_ai in April 2025
2026-01-10 01:28:56,161 - INFO - Generating candidate 1/3 for future_ai in April 2025
----------------------------------------
