2026-01-15 17:01:40,352 - INFO - 🚀 Starting Comprehensive Gap Analysis and Detailed Linguistic Analysis...
2026-01-15 17:07:16,315 - INFO - 🚀 Starting Comprehensive Gap Analysis and Detailed Linguistic Analysis...
2026-01-15 17:07:16,315 - INFO - 🔍 Phase 1: Gap Analysis
2026-01-15 17:07:16,315 - INFO - 🔍 Identifying gaps in current reconstruction...
2026-01-15 17:07:16,315 - INFO - ✅ Identified 13 reconstruction gaps
2026-01-15 17:07:16,316 - INFO - 🔍 Phase 2: Impact Assessment
2026-01-15 17:07:16,316 - INFO - 🔍 Analyzing impact of 13 identified gaps...
2026-01-15 17:07:16,316 - INFO - ✅ Impact analysis completed with 9 high-priority gaps identified
2026-01-15 17:07:16,316 - INFO - 🔍 Phase 3: Detailed Linguistic Analysis
2026-01-15 17:07:16,316 - INFO - 🔍 Starting ultra-detailed linguistic analysis...
2026-01-15 17:07:16,316 - INFO - 🔍 Phase 1: Deep phonological analysis...
2026-01-15 17:07:16,316 - INFO - 🔍 Performing deep phonological analysis...
2026-01-15 17:11:03,797 - INFO - 🚀 Starting Comprehensive Gap Analysis and Detailed Linguistic Analysis...
2026-01-15 17:11:03,798 - INFO - 🔍 Phase 1: Gap Analysis
2026-01-15 17:11:03,798 - INFO - 🔍 Identifying gaps in current reconstruction...
2026-01-15 17:11:03,798 - INFO - ✅ Identified 13 reconstruction gaps
2026-01-15 17:11:03,798 - INFO - 🔍 Phase 2: Impact Assessment
2026-01-15 17:11:03,798 - INFO - 🔍 Analyzing impact of 13 identified gaps...
2026-01-15 17:11:03,798 - INFO - ✅ Impact analysis completed with 9 high-priority gaps identified
2026-01-15 17:11:03,798 - INFO - 🔍 Phase 3: Detailed Linguistic Analysis
2026-01-15 17:11:03,799 - INFO - 🔍 Starting ultra-detailed linguistic analysis...
2026-01-15 17:11:03,799 - INFO - 🔍 Phase 1: Deep phonological analysis...
2026-01-15 17:11:03,799 - INFO - 🔍 Performing deep phonological analysis...
2026-01-15 17:12:33,424 - INFO - 🚀 Starting Comprehensive Gap Analysis and Detailed Linguistic Analysis...
2026-01-15 17:12:33,424 - INFO - 🔍 Phase 1: Gap Analysis
2026-01-15 17:12:33,424 - INFO - 🔍 Identifying gaps in current reconstruction...
2026-01-15 17:12:33,424 - INFO - ✅ Identified 13 reconstruction gaps
2026-01-15 17:12:33,424 - INFO - 🔍 Phase 2: Impact Assessment
2026-01-15 17:12:33,424 - INFO - 🔍 Analyzing impact of 13 identified gaps...
2026-01-15 17:12:33,425 - INFO - ✅ Impact analysis completed with 9 high-priority gaps identified
2026-01-15 17:12:33,425 - INFO - 🔍 Phase 3: Detailed Linguistic Analysis
2026-01-15 17:12:33,425 - INFO - 🔍 Starting ultra-detailed linguistic analysis...
2026-01-15 17:12:33,425 - INFO - 🔍 Phase 1: Deep phonological analysis...
2026-01-15 17:12:33,425 - INFO - 🔍 Performing deep phonological analysis...
2026-01-15 17:12:33,426 - INFO - 🔍 Phase 2: Morphological pattern analysis...
2026-01-15 17:12:33,426 - INFO - 🔍 Performing deep morphological analysis...
2026-01-15 17:12:33,426 - INFO - 🔍 Phase 3: Syntactic structure analysis...
2026-01-15 17:12:33,426 - INFO - 🔍 Performing deep syntactic analysis...
2026-01-15 17:12:33,427 - INFO - 🔍 Phase 4: Semantic field analysis...
2026-01-15 17:12:33,427 - INFO - 🔍 Performing deep semantic analysis...
2026-01-15 17:12:33,427 - INFO - 🔍 Phase 5: Comparative deep-time analysis...
2026-01-15 17:12:33,427 - INFO - 🔍 Performing deep comparative analysis...
2026-01-15 17:18:13,761 - INFO - 🚀 Starting Comprehensive Gap Analysis and Detailed Linguistic Analysis...
2026-01-15 17:18:13,762 - INFO - 🔍 Phase 1: Gap Analysis
2026-01-15 17:18:13,762 - INFO - 🔍 Identifying gaps in current reconstruction...
2026-01-15 17:18:13,762 - INFO - ✅ Identified 13 reconstruction gaps
2026-01-15 17:18:13,762 - INFO - 🔍 Phase 2: Impact Assessment
2026-01-15 17:18:13,762 - INFO - 🔍 Analyzing impact of 13 identified gaps...
2026-01-15 17:18:13,763 - INFO - ✅ Impact analysis completed with 9 high-priority gaps identified
2026-01-15 17:18:13,763 - INFO - 🔍 Phase 3: Detailed Linguistic Analysis
2026-01-15 17:18:13,763 - INFO - 🔍 Starting ultra-detailed linguistic analysis...
2026-01-15 17:18:13,763 - INFO - 🔍 Phase 1: Deep phonological analysis...
2026-01-15 17:18:13,763 - INFO - 🔍 Performing deep phonological analysis...
2026-01-15 17:18:13,764 - INFO - 🔍 Phase 2: Morphological pattern analysis...
2026-01-15 17:18:13,764 - INFO - 🔍 Performing deep morphological analysis...
2026-01-15 17:18:13,764 - INFO - 🔍 Phase 3: Syntactic structure analysis...
2026-01-15 17:18:13,764 - INFO - 🔍 Performing deep syntactic analysis...
2026-01-15 17:18:13,764 - INFO - 🔍 Phase 4: Semantic field analysis...
2026-01-15 17:18:13,764 - INFO - 🔍 Performing deep semantic analysis...
2026-01-15 17:18:13,765 - INFO - 🔍 Phase 5: Comparative deep-time analysis...
2026-01-15 17:18:13,765 - INFO - 🔍 Performing deep comparative analysis...
2026-01-15 17:20:34,234 - INFO - 🚀 Starting Comprehensive Gap Analysis and Detailed Linguistic Analysis...
2026-01-15 17:20:34,234 - INFO - 🔍 Phase 1: Gap Analysis
2026-01-15 17:20:34,234 - INFO - 🔍 Identifying gaps in current reconstruction...
2026-01-15 17:20:34,234 - INFO - ✅ Identified 13 reconstruction gaps
2026-01-15 17:20:34,234 - INFO - 🔍 Phase 2: Impact Assessment
2026-01-15 17:20:34,234 - INFO - 🔍 Analyzing impact of 13 identified gaps...
2026-01-15 17:20:34,235 - INFO - ✅ Impact analysis completed with 9 high-priority gaps identified
2026-01-15 17:20:34,235 - INFO - 🔍 Phase 3: Detailed Linguistic Analysis
2026-01-15 17:20:34,235 - INFO - 🔍 Starting ultra-detailed linguistic analysis...
2026-01-15 17:20:34,235 - INFO - 🔍 Phase 1: Deep phonological analysis...
2026-01-15 17:20:34,235 - INFO - 🔍 Performing deep phonological analysis...
2026-01-15 17:20:34,236 - INFO - 🔍 Phase 2: Morphological pattern analysis...
2026-01-15 17:20:34,236 - INFO - 🔍 Performing deep morphological analysis...
2026-01-15 17:20:34,236 - INFO - 🔍 Phase 3: Syntactic structure analysis...
2026-01-15 17:20:34,236 - INFO - 🔍 Performing deep syntactic analysis...
2026-01-15 17:20:34,236 - INFO - 🔍 Phase 4: Semantic field analysis...
2026-01-15 17:20:34,237 - INFO - 🔍 Performing deep semantic analysis...
2026-01-15 17:20:34,237 - INFO - 🔍 Phase 5: Comparative deep-time analysis...
2026-01-15 17:20:34,237 - INFO - 🔍 Performing deep comparative analysis...
2026-01-15 17:22:55,251 - INFO - 🚀 Starting Comprehensive Gap Analysis and Detailed Linguistic Analysis...
2026-01-15 17:22:55,251 - INFO - 🔍 Phase 1: Gap Analysis
2026-01-15 17:22:55,251 - INFO - 🔍 Identifying gaps in current reconstruction...
2026-01-15 17:22:55,251 - INFO - ✅ Identified 13 reconstruction gaps
2026-01-15 17:22:55,252 - INFO - 🔍 Phase 2: Impact Assessment
2026-01-15 17:22:55,252 - INFO - 🔍 Analyzing impact of 13 identified gaps...
2026-01-15 17:22:55,252 - INFO - ✅ Impact analysis completed with 9 high-priority gaps identified
2026-01-15 17:22:55,252 - INFO - 🔍 Phase 3: Detailed Linguistic Analysis
2026-01-15 17:22:55,252 - INFO - 🔍 Starting ultra-detailed linguistic analysis...
2026-01-15 17:22:55,252 - INFO - 🔍 Phase 1: Deep phonological analysis...
2026-01-15 17:22:55,252 - INFO - 🔍 Performing deep phonological analysis...
2026-01-15 17:22:55,254 - INFO - 🔍 Phase 2: Morphological pattern analysis...
2026-01-15 17:22:55,254 - INFO - 🔍 Performing deep morphological analysis...
2026-01-15 17:22:55,254 - INFO - 🔍 Phase 3: Syntactic structure analysis...
2026-01-15 17:22:55,254 - INFO - 🔍 Performing deep syntactic analysis...
2026-01-15 17:22:55,254 - INFO - 🔍 Phase 4: Semantic field analysis...
2026-01-15 17:22:55,254 - INFO - 🔍 Performing deep semantic analysis...
2026-01-15 17:22:55,254 - INFO - 🔍 Phase 5: Comparative deep-time analysis...
2026-01-15 17:22:55,254 - INFO - 🔍 Performing deep comparative analysis...
2026-01-15 17:22:55,255 - INFO - 🔍 Phase 6: Phylogenetic reconstruction...
2026-01-15 17:22:55,255 - INFO - 🔍 Performing deep phylogenetic analysis...
2026-01-15 17:27:37,932 - INFO - 🚀 Starting Comprehensive Gap Analysis and Detailed Linguistic Analysis...
2026-01-15 17:27:37,932 - INFO - 🔍 Phase 1: Gap Analysis
2026-01-15 17:27:37,932 - INFO - 🔍 Identifying gaps in current reconstruction...
2026-01-15 17:27:37,933 - INFO - ✅ Identified 13 reconstruction gaps
2026-01-15 17:27:37,933 - INFO - 🔍 Phase 2: Impact Assessment
2026-01-15 17:27:37,933 - INFO - 🔍 Analyzing impact of 13 identified gaps...
2026-01-15 17:27:37,933 - INFO - ✅ Impact analysis completed with 9 high-priority gaps identified
2026-01-15 17:27:37,933 - INFO - 🔍 Phase 3: Detailed Linguistic Analysis
2026-01-15 17:27:37,933 - INFO - 🔍 Starting ultra-detailed linguistic analysis...
2026-01-15 17:27:37,933 - INFO - 🔍 Phase 1: Deep phonological analysis...
2026-01-15 17:27:37,933 - INFO - 🔍 Performing deep phonological analysis...
2026-01-15 17:27:37,934 - INFO - 🔍 Phase 2: Morphological pattern analysis...
2026-01-15 17:27:37,935 - INFO - 🔍 Performing deep morphological analysis...
2026-01-15 17:27:37,935 - INFO - 🔍 Phase 3: Syntactic structure analysis...
2026-01-15 17:27:37,935 - INFO - 🔍 Performing deep syntactic analysis...
2026-01-15 17:27:37,935 - INFO - 🔍 Phase 4: Semantic field analysis...
2026-01-15 17:27:37,935 - INFO - 🔍 Performing deep semantic analysis...
2026-01-15 17:27:37,935 - INFO - 🔍 Phase 5: Comparative deep-time analysis...
2026-01-15 17:27:37,935 - INFO - 🔍 Performing deep comparative analysis...
2026-01-15 17:27:37,936 - INFO - 🔍 Phase 6: Phylogenetic reconstruction...
2026-01-15 17:27:37,936 - INFO - 🔍 Performing deep phylogenetic analysis...
2026-01-15 17:29:13,414 - INFO - 🚀 Starting Comprehensive Gap Analysis and Detailed Linguistic Analysis...
2026-01-15 17:29:13,415 - INFO - 🔍 Phase 1: Gap Analysis
2026-01-15 17:29:13,415 - INFO - 🔍 Identifying gaps in current reconstruction...
2026-01-15 17:29:13,415 - INFO - ✅ Identified 13 reconstruction gaps
2026-01-15 17:29:13,415 - INFO - 🔍 Phase 2: Impact Assessment
2026-01-15 17:29:13,415 - INFO - 🔍 Analyzing impact of 13 identified gaps...
2026-01-15 17:29:13,415 - INFO - ✅ Impact analysis completed with 9 high-priority gaps identified
2026-01-15 17:29:13,415 - INFO - 🔍 Phase 3: Detailed Linguistic Analysis
2026-01-15 17:29:13,415 - INFO - 🔍 Starting ultra-detailed linguistic analysis...
2026-01-15 17:29:13,415 - INFO - 🔍 Phase 1: Deep phonological analysis...
2026-01-15 17:29:13,415 - INFO - 🔍 Performing deep phonological analysis...
2026-01-15 17:29:13,417 - INFO - 🔍 Phase 2: Morphological pattern analysis...
2026-01-15 17:29:13,417 - INFO - 🔍 Performing deep morphological analysis...
2026-01-15 17:29:13,417 - INFO - 🔍 Phase 3: Syntactic structure analysis...
2026-01-15 17:29:13,417 - INFO - 🔍 Performing deep syntactic analysis...
2026-01-15 17:29:13,417 - INFO - 🔍 Phase 4: Semantic field analysis...
2026-01-15 17:29:13,417 - INFO - 🔍 Performing deep semantic analysis...
2026-01-15 17:29:13,417 - INFO - 🔍 Phase 5: Comparative deep-time analysis...
2026-01-15 17:29:13,417 - INFO - 🔍 Performing deep comparative analysis...
2026-01-15 17:29:13,418 - INFO - 🔍 Phase 6: Phylogenetic reconstruction...
2026-01-15 17:29:13,418 - INFO - 🔍 Performing deep phylogenetic analysis...
2026-01-15 17:31:48,907 - INFO - 🚀 Starting Comprehensive Gap Analysis and Detailed Linguistic Analysis...
2026-01-15 17:31:48,908 - INFO - 🔍 Phase 1: Gap Analysis
2026-01-15 17:31:48,908 - INFO - 🔍 Identifying gaps in current reconstruction...
2026-01-15 17:31:48,908 - INFO - ✅ Identified 13 reconstruction gaps
2026-01-15 17:31:48,908 - INFO - 🔍 Phase 2: Impact Assessment
2026-01-15 17:31:48,908 - INFO - 🔍 Analyzing impact of 13 identified gaps...
2026-01-15 17:31:48,909 - INFO - ✅ Impact analysis completed with 9 high-priority gaps identified
2026-01-15 17:31:48,909 - INFO - 🔍 Phase 3: Detailed Linguistic Analysis
2026-01-15 17:31:48,909 - INFO - 🔍 Starting ultra-detailed linguistic analysis...
2026-01-15 17:31:48,909 - INFO - 🔍 Phase 1: Deep phonological analysis...
2026-01-15 17:31:48,909 - INFO - 🔍 Performing deep phonological analysis...
2026-01-15 17:31:48,910 - INFO - 🔍 Phase 2: Morphological pattern analysis...
2026-01-15 17:31:48,910 - INFO - 🔍 Performing deep morphological analysis...
2026-01-15 17:31:48,910 - INFO - 🔍 Phase 3: Syntactic structure analysis...
2026-01-15 17:31:48,910 - INFO - 🔍 Performing deep syntactic analysis...
2026-01-15 17:31:48,911 - INFO - 🔍 Phase 4: Semantic field analysis...
2026-01-15 17:31:48,911 - INFO - 🔍 Performing deep semantic analysis...
2026-01-15 17:31:48,911 - INFO - 🔍 Phase 5: Comparative deep-time analysis...
2026-01-15 17:31:48,911 - INFO - 🔍 Performing deep comparative analysis...
2026-01-15 17:31:48,912 - INFO - 🔍 Phase 6: Phylogenetic reconstruction...
2026-01-15 17:31:48,912 - INFO - 🔍 Performing deep phylogenetic analysis...
2026-01-15 17:41:02,935 - INFO - 🚀 Starting Comprehensive Gap Analysis and Detailed Linguistic Analysis...
2026-01-15 17:41:02,936 - INFO - 🔍 Phase 1: Gap Analysis
2026-01-15 17:41:02,936 - INFO - 🔍 Identifying gaps in current reconstruction...
2026-01-15 17:41:02,936 - INFO - ✅ Identified 13 reconstruction gaps
2026-01-15 17:41:02,936 - INFO - 🔍 Phase 2: Impact Assessment
2026-01-15 17:41:02,936 - INFO - 🔍 Analyzing impact of 13 identified gaps...
2026-01-15 17:41:02,936 - INFO - ✅ Impact analysis completed with 9 high-priority gaps identified
2026-01-15 17:41:02,936 - INFO - 🔍 Phase 3: Detailed Linguistic Analysis
2026-01-15 17:41:02,936 - INFO - 🔍 Starting ultra-detailed linguistic analysis...
2026-01-15 17:41:02,936 - INFO - 🔍 Phase 1: Deep phonological analysis...
2026-01-15 17:41:02,936 - INFO - 🔍 Performing deep phonological analysis...
2026-01-15 17:41:02,938 - INFO - 🔍 Phase 2: Morphological pattern analysis...
2026-01-15 17:41:02,938 - INFO - 🔍 Performing deep morphological analysis...
2026-01-15 17:41:02,938 - INFO - 🔍 Phase 3: Syntactic structure analysis...
2026-01-15 17:41:02,938 - INFO - 🔍 Performing deep syntactic analysis...
2026-01-15 17:41:02,938 - INFO - 🔍 Phase 4: Semantic field analysis...
2026-01-15 17:41:02,938 - INFO - 🔍 Performing deep semantic analysis...
2026-01-15 17:41:02,938 - INFO - 🔍 Phase 5: Comparative deep-time analysis...
2026-01-15 17:41:02,938 - INFO - 🔍 Performing deep comparative analysis...
2026-01-15 17:41:02,939 - INFO - 🔍 Phase 6: Phylogenetic reconstruction...
2026-01-15 17:41:02,939 - INFO - 🔍 Performing deep phylogenetic analysis...
2026-01-15 17:41:02,942 - INFO - 🔍 Generating novel discoveries from detailed analysis...
2026-01-15 17:41:02,942 - INFO - ✅ Generated 5 novel discoveries
2026-01-15 17:43:25,306 - INFO - 🚀 Starting Comprehensive Gap Analysis and Detailed Linguistic Analysis...
2026-01-15 17:43:25,307 - INFO - 🔍 Phase 1: Gap Analysis
2026-01-15 17:43:25,307 - INFO - 🔍 Identifying gaps in current reconstruction...
2026-01-15 17:43:25,307 - INFO - ✅ Identified 13 reconstruction gaps
2026-01-15 17:43:25,307 - INFO - 🔍 Phase 2: Impact Assessment
2026-01-15 17:43:25,307 - INFO - 🔍 Analyzing impact of 13 identified gaps...
2026-01-15 17:43:25,307 - INFO - ✅ Impact analysis completed with 9 high-priority gaps identified
2026-01-15 17:43:25,308 - INFO - 🔍 Phase 3: Detailed Linguistic Analysis
2026-01-15 17:43:25,308 - INFO - 🔍 Starting ultra-detailed linguistic analysis...
2026-01-15 17:43:25,308 - INFO - 🔍 Phase 1: Deep phonological analysis...
2026-01-15 17:43:25,308 - INFO - 🔍 Performing deep phonological analysis...
2026-01-15 17:43:25,309 - INFO - 🔍 Phase 2: Morphological pattern analysis...
2026-01-15 17:43:25,309 - INFO - 🔍 Performing deep morphological analysis...
2026-01-15 17:43:25,309 - INFO - 🔍 Phase 3: Syntactic structure analysis...
2026-01-15 17:43:25,309 - INFO - 🔍 Performing deep syntactic analysis...
2026-01-15 17:43:25,309 - INFO - 🔍 Phase 4: Semantic field analysis...
2026-01-15 17:43:25,309 - INFO - 🔍 Performing deep semantic analysis...
2026-01-15 17:43:25,309 - INFO - 🔍 Phase 5: Comparative deep-time analysis...
2026-01-15 17:43:25,309 - INFO - 🔍 Performing deep comparative analysis...
2026-01-15 17:43:25,311 - INFO - 🔍 Phase 6: Phylogenetic reconstruction...
2026-01-15 17:43:25,311 - INFO - 🔍 Performing deep phylogenetic analysis...
2026-01-15 17:43:25,313 - INFO - 🔍 Generating novel discoveries from detailed analysis...
2026-01-15 17:43:25,314 - INFO - ✅ Generated 5 novel discoveries
2026-01-15 17:43:25,321 - INFO - ✅ Ultra-detailed analysis completed with 5 novel discoveries
2026-01-15 17:43:25,321 - INFO - 🔍 Phase 4: Generating Improvements
2026-01-15 17:43:25,322 - INFO - 🔍 Phase 5: Formulating New Hypotheses
2026-01-15 17:43:25,322 - INFO - 🔍 Phase 6: Reconstructing Common Ancestors
2026-01-15 17:43:25,322 - INFO - 🔍 Phase 7: Identifying Unknown Relationships
2026-01-15 17:43:25,322 - INFO - 🔍 Phase 8: Challenging Existing Assumptions
2026-01-15 17:43:25,329 - INFO - ✅ Comprehensive gap analysis and detailed linguistic analysis completed successfully!
2026-01-15 17:43:25,329 - INFO - 📈 Generated 13 gap identifications
2026-01-15 17:43:25,329 - INFO - 🔍 Performed 15 detailed analyses
2026-01-15 17:43:25,329 - INFO - 💡 Formulated 4 new hypotheses
2026-01-15 17:43:25,329 - INFO - 🧬 Reconstructed 3 common ancestors
2026-01-15 17:43:25,329 - INFO - 🔗 Identified 1 unknown relationships
2026-01-15 17:43:25,329 - INFO - ❓ Challenged 4 existing assumptions
