2026-01-15 14:05:00,887 - INFO - 🚀 Starting Basque Origins Gap Analysis and Detailed Linguistic Analysis...
2026-01-15 14:05:00,887 - INFO - 🔍 Starting gap identification phase...
2026-01-15 14:05:00,888 - INFO - 🔍 Identifying gaps in current linguistic reconstruction...
2026-01-15 14:05:00,888 - INFO - ✅ Identified 17 gaps in current reconstruction
2026-01-15 14:05:00,888 - INFO - 🔍 Starting impact analysis phase...
2026-01-15 14:05:00,888 - INFO - 🔍 Analyzing impact of identified gaps...
2026-01-15 14:05:00,888 - INFO - ✅ Impact analysis completed: 17 gaps analyzed
2026-01-15 14:05:00,888 - INFO - 🔍 Starting detailed linguistic analysis phase...
2026-01-15 14:05:00,888 - INFO - 🔍 Performing detailed linguistic analysis to address gaps...
2026-01-15 14:05:00,888 - INFO - 🔍 Performing detailed phonological analysis...
2026-01-15 14:05:00,889 - INFO - 🔍 Performing detailed morphological analysis...
2026-01-15 14:05:00,889 - INFO - 🔍 Performing detailed syntactic analysis...
2026-01-15 14:05:00,889 - INFO - 🔍 Performing detailed semantic analysis...
2026-01-15 14:05:00,889 - INFO - 🔍 Performing detailed comparative analysis...
2026-01-15 14:05:00,889 - INFO - ✅ Detailed analysis completed with 17 improvements suggested
2026-01-15 14:05:00,889 - INFO - 🔍 Generating comprehensive report...
2026-01-15 14:05:00,889 - INFO - 📝 Generating comprehensive linguistic report...
2026-01-15 14:05:00,893 - INFO - 📊 Comprehensive report saved to reports/comprehensive_linguistic_analysis_report.json
2026-01-15 14:05:00,893 - INFO - ✅ Comprehensive linguistic report generated successfully
2026-01-15 14:05:00,893 - INFO - ✅ Gap analysis and detailed linguistic analysis completed successfully!
2026-01-15 14:05:00,893 - INFO - 📈 Generated 17 gap identifications
2026-01-15 14:05:00,893 - INFO - 🔍 Performed 8 detailed analyses
2026-01-15 14:05:00,893 - INFO - 💡 Formulated 2 new hypotheses
2026-01-15 14:05:00,893 - INFO - 🎯 Suggested 17 improvements
