2026-01-15 22:23:50,478 - INFO - 🚀 Starting PIUE (Proto-Indo-Uralic-Euskara) Clade Reconstruction and Evolutionary Mapping...
2026-01-15 22:23:50,478 - INFO - 🔍 Phase 1: PIUE Clade Reconstruction
2026-01-15 22:23:50,478 - INFO - 🔍 Starting PIUE (Proto-Indo-Uralic-Euskara) clade reconstruction...
2026-01-15 22:23:50,478 - INFO - 🔍 Phase 1: Bayesian MCMC simulation for topology and split-time estimation
2026-01-15 22:23:50,478 - INFO - 🔍 Running Bayesian MCMC simulation for PIUE topology...
2026-01-15 22:23:50,479 - INFO - ✅ Bayesian MCMC simulation completed with PIUE node estimated at 10000 BP
2026-01-15 22:23:50,479 - INFO - 🔍 Phase 2: Archaeolinguistic feature reconstruction
2026-01-15 22:23:50,479 - INFO - 🔍 Reconstructing PIUE morphological profile...
2026-01-15 23:04:07,801 - INFO - 🚀 Starting PIUE (Proto-Indo-Uralic-Euskara) Clade Reconstruction and Evolutionary Mapping...
2026-01-15 23:04:07,801 - INFO - 🔍 Phase 1: PIUE Clade Reconstruction
2026-01-15 23:04:07,801 - INFO - 🔍 Starting PIUE (Proto-Indo-Uralic-Euskara) clade reconstruction...
2026-01-15 23:04:07,801 - INFO - 🔍 Phase 1: Bayesian MCMC simulation for topology and split-time estimation
2026-01-15 23:04:07,802 - INFO - 🔍 Running Bayesian MCMC simulation for PIUE topology...
2026-01-15 23:04:07,802 - INFO - ✅ Bayesian MCMC simulation completed with PIUE node estimated at 10000 BP
2026-01-15 23:04:07,802 - INFO - 🔍 Phase 2: Archaeolinguistic feature reconstruction
2026-01-15 23:04:07,802 - INFO - 🔍 Reconstructing PIUE morphological profile...
2026-01-15 23:04:07,804 - INFO - ✅ PIUE feature reconstruction completed with 6 major feature categories
2026-01-15 23:04:07,804 - INFO - 🔍 Phase 3: DNA-substrate cross-reference
2026-01-15 23:04:07,804 - INFO - 🔍 Analyzing DNA-substrate correlations...
2026-01-15 23:04:07,804 - INFO - ✅ DNA-substrate correlation analysis completed with 0.72 correlation to PIUE split
2026-01-15 23:04:07,804 - INFO - 🔍 Phase 4: Cognate and vestige logging
2026-01-15 23:04:07,805 - INFO - 🔍 Performing cognate and vestige analysis...
2026-01-15 23:04:07,805 - INFO - 🔍 Generating 100 core PIUE roots...
2026-01-15 23:04:07,805 - INFO - ✅ Generated 130 core PIUE roots
2026-01-15 23:04:07,805 - INFO - 🔍 Searching for vestiges of PIUE features...
2026-01-15 23:04:07,805 - INFO - ✅ Identified 2 potential vestiges of PIUE features
2026-01-15 23:04:07,805 - INFO - 🔍 Analyzing potential cognates across families...
2026-01-15 23:04:07,806 - INFO - ✅ Analyzed 50 potential cognates across families
2026-01-15 23:04:07,806 - INFO - 🔍 Performing detailed pronoun audit...
2026-01-15 23:04:07,806 - INFO - ✅ Pronoun audit completed with 1 M-series stability instances
2026-01-15 23:04:07,806 - INFO - 🔍 Analyzing gender system scars in Basque...
2026-01-15 23:04:07,806 - INFO - ✅ Analyzed 0 potential gender system scars
2026-01-15 23:04:07,806 - INFO - 🔍 Searching for alignment system vestiges...
2026-01-15 23:04:07,806 - INFO - ✅ Identified 1 potential alignment system vestiges
2026-01-15 23:04:07,806 - INFO - 🔍 Analyzing morphophonemic vestiges...
2026-01-15 23:04:07,806 - INFO - ✅ Analyzed 17 potential morphophonemic vestiges
2026-01-15 23:04:07,809 - INFO - ✅ Cognate and vestige analysis completed with 130 PIUE roots generated
2026-01-15 23:04:07,809 - INFO - 🔍 Verifying PIUE (Proto-Indo-Uralic-Euskara) node...
2026-01-15 23:04:07,809 - INFO - ✅ PIUE node verification completed with confidence: 0.850
2026-01-15 23:04:07,810 - INFO - 🔍 Characterizing conservative vs innovative branches...
2026-01-15 23:04:07,810 - INFO - ✅ Branch characterization completed with innovation rate: 0.75
2026-01-15 23:04:07,810 - INFO - 🔍 Analyzing ergative-to-nominative shift...
2026-01-15 23:04:07,810 - INFO - ✅ Alignment shift analysis completed with confidence: 0.843
2026-01-15 23:04:07,810 - INFO - 🔍 Mapping laryngeal reflexes across families...
2026-01-15 23:04:07,810 - INFO - ✅ Laryngeal reflex mapping completed with confidence: 0.660
2026-01-15 23:04:07,810 - INFO - 🔍 Auditing pronoun systems for stability vs innovation...
2026-01-15 23:04:07,810 - INFO - ✅ Pronoun audit completed with kernel confidence: 0.790
2026-01-15 23:04:07,810 - INFO - 🔍 Analyzing WHG/EEF component correlation with PIUE split...
2026-01-15 23:04:07,810 - INFO - ✅ WHG/EEF analysis completed with correlation confidence: 0.793
2026-01-15 23:04:07,810 - INFO - 🔍 Analyzing Yamnaya correlation with IE innovations...
2026-01-15 23:04:07,810 - INFO - ✅ Yamnaya correlation analysis completed with confidence: 0.833
2026-01-15 23:04:07,810 - INFO - 🔍 Generating 100 core PIUE roots...
2026-01-15 23:04:07,811 - INFO - ✅ Generated 130 core PIUE roots
2026-01-15 23:06:15,874 - INFO - 🚀 Starting PIUE (Proto-Indo-Uralic-Euskara) Clade Reconstruction and Evolutionary Mapping...
2026-01-15 23:06:15,874 - INFO - 🔍 Phase 1: PIUE Clade Reconstruction
2026-01-15 23:06:15,874 - INFO - 🔍 Starting PIUE (Proto-Indo-Uralic-Euskara) clade reconstruction...
2026-01-15 23:06:15,875 - INFO - 🔍 Phase 1: Bayesian MCMC simulation for topology and split-time estimation
2026-01-15 23:06:15,875 - INFO - 🔍 Running Bayesian MCMC simulation for PIUE topology...
2026-01-15 23:06:15,875 - INFO - ✅ Bayesian MCMC simulation completed with PIUE node estimated at 10000 BP
2026-01-15 23:06:15,875 - INFO - 🔍 Phase 2: Archaeolinguistic feature reconstruction
2026-01-15 23:06:15,875 - INFO - 🔍 Reconstructing PIUE morphological profile...
2026-01-15 23:06:15,882 - INFO - ✅ PIUE feature reconstruction completed with 6 major feature categories
2026-01-15 23:06:15,882 - INFO - 🔍 Phase 3: DNA-substrate cross-reference
2026-01-15 23:06:15,882 - INFO - 🔍 Analyzing DNA-substrate correlations...
2026-01-15 23:06:15,884 - INFO - ✅ DNA-substrate correlation analysis completed with 0.72 correlation to PIUE split
2026-01-15 23:06:15,884 - INFO - 🔍 Phase 4: Cognate and vestige logging
2026-01-15 23:06:15,884 - INFO - 🔍 Performing cognate and vestige analysis...
2026-01-15 23:06:15,884 - INFO - 🔍 Generating 100 core PIUE roots...
2026-01-15 23:06:15,885 - INFO - ✅ Generated 130 core PIUE roots
2026-01-15 23:06:15,885 - INFO - 🔍 Searching for vestiges of PIUE features...
2026-01-15 23:06:15,885 - INFO - ✅ Identified 2 potential vestiges of PIUE features
2026-01-15 23:06:15,885 - INFO - 🔍 Analyzing potential cognates across families...
2026-01-15 23:06:15,885 - INFO - ✅ Analyzed 50 potential cognates across families
2026-01-15 23:06:15,885 - INFO - 🔍 Performing detailed pronoun audit...
2026-01-15 23:06:15,885 - INFO - ✅ Pronoun audit completed with 1 M-series stability instances
2026-01-15 23:06:15,885 - INFO - 🔍 Analyzing gender system scars in Basque...
2026-01-15 23:06:15,885 - INFO - ✅ Analyzed 0 potential gender system scars
2026-01-15 23:06:15,885 - INFO - 🔍 Searching for alignment system vestiges...
2026-01-15 23:06:15,885 - INFO - ✅ Identified 1 potential alignment system vestiges
2026-01-15 23:06:15,885 - INFO - 🔍 Analyzing morphophonemic vestiges...
2026-01-15 23:06:15,886 - INFO - ✅ Analyzed 17 potential morphophonemic vestiges
2026-01-15 23:06:15,889 - INFO - ✅ Cognate and vestige analysis completed with 130 PIUE roots generated
2026-01-15 23:06:15,889 - INFO - 🔍 Verifying PIUE (Proto-Indo-Uralic-Euskara) node...
2026-01-15 23:06:15,889 - INFO - ✅ PIUE node verification completed with confidence: 0.850
2026-01-15 23:06:15,889 - INFO - 🔍 Characterizing conservative vs innovative branches...
2026-01-15 23:06:15,889 - INFO - ✅ Branch characterization completed with innovation rate: 0.75
2026-01-15 23:06:15,889 - INFO - 🔍 Analyzing ergative-to-nominative shift...
2026-01-15 23:06:15,889 - INFO - ✅ Alignment shift analysis completed with confidence: 0.843
2026-01-15 23:06:15,889 - INFO - 🔍 Mapping laryngeal reflexes across families...
2026-01-15 23:06:15,890 - INFO - ✅ Laryngeal reflex mapping completed with confidence: 0.660
2026-01-15 23:06:15,890 - INFO - 🔍 Auditing pronoun systems for stability vs innovation...
2026-01-15 23:06:15,890 - INFO - ✅ Pronoun audit completed with kernel confidence: 0.790
2026-01-15 23:06:15,890 - INFO - 🔍 Analyzing WHG/EEF component correlation with PIUE split...
2026-01-15 23:06:15,890 - INFO - ✅ WHG/EEF analysis completed with correlation confidence: 0.793
2026-01-15 23:06:15,890 - INFO - 🔍 Analyzing Yamnaya correlation with IE innovations...
2026-01-15 23:06:15,890 - INFO - ✅ Yamnaya correlation analysis completed with confidence: 0.833
2026-01-15 23:06:15,890 - INFO - 🔍 Generating 100 core PIUE roots...
2026-01-15 23:06:15,890 - INFO - ✅ Generated 130 core PIUE roots
2026-01-15 23:06:15,890 - INFO - 🔍 Identifying potential vestiges of PIUE features...
2026-01-15 23:06:15,890 - INFO - ✅ Identified 0 potential vestiges of PIUE features
2026-01-15 23:06:15,890 - INFO - 🌳 Creating organized phylogenetic tree...
2026-01-15 23:06:17,173 - INFO - ✅ Tree visualization saved to trees/organized_piue_phylogenetic_tree.png
2026-01-15 23:06:17,174 - INFO - ✅ Organized phylogenetic tree created with 8 nodes and 7 edges
2026-01-15 23:06:17,175 - INFO - 📊 Generating ancestral state report...
2026-01-15 23:06:17,191 - INFO - ✅ Ancestral state report generated with 8 feature reconstructions
2026-01-15 23:06:17,198 - INFO - ✅ PIUE clade reconstruction completed with 130 reconstructed roots
2026-01-15 23:06:17,198 - INFO - 🔍 Phase 2: Gap Analysis and Detailed Linguistic Analysis
